OOOOOOOOOOOOOOOOOOOO
OGGGGGGGGGGGGGGGGGGO
OGGGGGGGGGGGGGGGGGGO
OGGGGGGGGGGGGGGGGGGO
OGGGGGGGGGGGGGGGGGGO
OGGGGGGGGGGGGGGGGGGO
OGGGGGGGGGGGGGGGGGGO
OGGGGGGGGGGGGGGGGGGO
OGGGGGGGGGGGGGGGGGGO
OGGGGGGGGGGGGGGGGGGO
OGGGGGGGGGGGGGGGGGGO
OGGGGGGGGGGGGGGGGGGO
OGGGGGGGGGGGGGGGGGGO
OGGGGGGGGGGGGGGGGGGO
OGGGGGGGGGGGGGGGGGGO
OGGGGGGGGGGGGGGGGGGO
OGGGGGGGGGGGGGGGGGGO
OGGGGGGGGGGGGGGGGGGO
OGGGGGGGGGGGGGGGGGGO
OOOOOOOOOOOOOOOOOOOO
CCCCCCCCCCCCCCCCCCCC
CCCCCCCCCCCCCCCCCCCC
CCCCCCCCCCCCCCCCCCCC
CCCCCCCCCCCCCCCCCCCC
CCCCCCCCCCCCCCCCCCCC
CCCCCCCCCCCCCCCCCCCC
CCCCCCCCCCCCCCCCCCCC
CCCCCCCCCCCCCCCCCCCC
CCCCCCCCCCCCCCCCCCCC
CCCCCCCCCCCCCCCCCCCC
CCCCCCCCCCCCCCCCCCCC
CCCCCCCCCCCCCCCCCCCC
CCCCCCCCCCCCCCCCCCCC
CCCCCCCCCCCCCCCCCCCC
CCCCCCCCCCCCCCCCCCCC
CCCCCCCCCCCCCCCCCCCC
CCCCCCCCCCCCCCCCCCCC
CCCCCCCCCCCCCCCCCCCC
CCCCCCCCCCCCCCCCCCCC
CCCCCCCCCCCCCCCCCCCC
____________________
________________c___
_g______c___________
____________________
______________g_____
_c__g_______________
_________________c__
____________________
________g___________
____c___________g___
____________________
______________c_____
_g______c___________
________________g___
____________________
_c__c_______________
_______________g____
____________________
________g___________
____c_______________
