OOOOOOOOOOOOOOOOOOOO
OGGGGGGGGGGGGGGGGGGO
OGGGGGGGGGGGGGGGGGGO
OGGGGGGGGGGGGGGGGGGO
OGGGGGGGGGGGGGGGGGGO
OGGGGGGGGGGGGGGGGGGO
OGGGGGGGGGGGGGGGGGGO
OGGGGGGGGGGGGGGGGGGO
OGGGGGGGGGGGGGGGGGGO
OGGGGGGGGGGGGGGGGGGO
OGGGGGGGGGGGGGGGGGGO
OGGGGGGGGGGGGGGGGGGO
OGGGGGGGGGGGGGGGGGGO
OGGGGGGGGGGGGGGGGGGO
OGGGGGGGGGGGGGGGGGGO
OGGGGGGGGGGGGGGGGGGO
OGGGGGGGGGGGGGGGGGGO
OGGGGGGGGGGGGGGGGGGO
OGGGGGGGGGGGGGGGGGGO
OOOOOOOOOOOOOOOOOOOO
CCCCCCCCCCCCCCCCCCCC
CCCCCCCCCCCCCCCCCCCC
CCCCCCCCCCCCCCCCCCCC
CCCCCCCCCCCCCCCCCCCC
CCCCCCCCCCCCCCCCCCCC
CCCCCCCCCCCCCCCCCCCC
CCCCCCCCCCCCCCCCCCCC
CCCCCCCCCCCCCCCCCCCC
CCCCCCCCCCCCCCCCCCCC
CCCCCCCCCCCCCCCCCCCC
CCCCCCCCCCCCCCCCCCCC
CCCCCCCCCCCCCCCCCCCC
CCCCCCCCCCCCCCCCCCCC
CCCCCCCCCCCCCCCCCCCC
CCCCCCCCCCCCCCCCCCCC
CCCCCCCCCCCCCCCCCCCC
CCCCCCCCCCCCCCCCCCCC
CCCCCCCCCCCCCCCCCCCC
CCCCCCCCCCCCCCCCCCCC
CCCCCCCCCCCCCCCCCCCC
____________________
____________________
_g__________________
____________________
______________g_____
____________________
____________________
____________________
________g___________
________________g___
____________________
____________________
_g__________________
___________g________
____________________
____________________
_______________g____
____________________
________g___________
____________________
